// Jest Snapshot v1, https://goo.gl/fbAQLP

exports[`FormBox Match Snapshot 1`] = `
<div
  className="MuiBox-root MuiBox-root-5 makeStyles-box-1"
>
  <div
    className="MuiTypography-root makeStyles-title-2 MuiTypography-body1"
  >
    sample
  </div>
  <nav
    aria-label="breadcrumb"
    className="MuiTypography-root MuiBreadcrumbs-root makeStyles-breadcrumbs-3 MuiTypography-body1 MuiTypography-colorTextSecondary"
  >
    <ol
      className="MuiBreadcrumbs-ol"
    >
      <li
        className="MuiBreadcrumbs-li"
      >
        <a
          href="/"
          onClick={[Function]}
          onMouseEnter={[Function]}
          onTouchStart={[Function]}
        >
          TOP
        </a>
      </li>
      <li
        aria-hidden={true}
        className="MuiBreadcrumbs-separator"
      >
        /
      </li>
      <li
        className="MuiBreadcrumbs-li"
      >
        <span
          className="MuiTypography-root MuiTypography-body1 MuiTypography-colorPrimary"
        >
          sample
        </span>
      </li>
    </ol>
  </nav>
  <form
    className="makeStyles-form-4"
    noValidate={true}
  />
</div>
`;
