// Jest Snapshot v1, https://goo.gl/fbAQLP

exports[`FormBox Match Snapshot 1`] = `
Array [
  <nav
    aria-label="breadcrumb"
    className="MuiTypography-root MuiBreadcrumbs-root makeStyles-breadcrumbs-1 MuiTypography-body1 MuiTypography-colorTextSecondary"
  >
    <ol
      className="MuiBreadcrumbs-ol"
    >
      <li
        className="MuiBreadcrumbs-li"
      >
        <a
          href="http://xxxxxxxxxx:3000/"
          onClick={[Function]}
          onMouseEnter={[Function]}
          onTouchStart={[Function]}
        >
          TOP
        </a>
      </li>
      <li
        aria-hidden={true}
        className="MuiBreadcrumbs-separator"
      >
        /
      </li>
      <li
        className="MuiBreadcrumbs-li"
      >
        <span
          className="MuiTypography-root MuiTypography-body1"
        >
          sample
        </span>
      </li>
    </ol>
  </nav>,
  <div
    className="MuiBox-root MuiBox-root-5 makeStyles-box-2"
  >
    <div
      className="MuiTypography-root makeStyles-title-3 MuiTypography-body1 MuiTypography-colorPrimary"
    >
      sample
    </div>
    <div
      className="MuiFormControl-root makeStyles-form-4"
    />
  </div>,
]
`;
