// Jest Snapshot v1, https://goo.gl/fbAQLP

exports[`InputFormName Match Snapshot 1`] = `
<main
  className="MuiContainer-root MuiContainer-maxWidthLg"
>
  <div
    className="MuiBox-root MuiBox-root-8 makeStyles-box-4"
  >
    <div
      className="MuiTypography-root makeStyles-title-5 MuiTypography-body1"
    >
      ログイン
    </div>
    <nav
      aria-label="breadcrumb"
      className="MuiTypography-root MuiBreadcrumbs-root makeStyles-breadcrumbs-6 MuiTypography-body1 MuiTypography-colorTextSecondary"
    >
      <ol
        className="MuiBreadcrumbs-ol"
      >
        <li
          className="MuiBreadcrumbs-li"
        >
          <a
            href="/"
            onClick={[Function]}
            onMouseEnter={[Function]}
            onTouchStart={[Function]}
          >
            TOP
          </a>
        </li>
        <li
          aria-hidden={true}
          className="MuiBreadcrumbs-separator"
        >
          /
        </li>
        <li
          className="MuiBreadcrumbs-li"
        >
          <span
            className="MuiTypography-root MuiTypography-body1 MuiTypography-colorPrimary"
          >
            ログイン
          </span>
        </li>
      </ol>
    </nav>
    <form
      className="makeStyles-form-7"
      noValidate={true}
    >
      <h1
        className="MuiTypography-root MuiTypography-h5"
      >
        あなたの名前
        を入力してください
      </h1>
      <div
        className="MuiFormControl-root MuiTextField-root MuiFormControl-marginNormal MuiFormControl-fullWidth"
        onCompositionEnd={[Function]}
        onCompositionStart={[Function]}
        onKeyDown={[Function]}
      >
        <label
          className="MuiFormLabel-root MuiInputLabel-root MuiInputLabel-formControl MuiInputLabel-animated MuiInputLabel-outlined Mui-required Mui-required"
          data-shrink={false}
        >
          あなたの名前
          <span
            aria-hidden={true}
            className="MuiFormLabel-asterisk MuiInputLabel-asterisk"
          >
             
            *
          </span>
        </label>
        <div
          className="MuiInputBase-root MuiOutlinedInput-root MuiInputBase-fullWidth MuiInputBase-formControl"
          onClick={[Function]}
        >
          <input
            aria-invalid={false}
            autoFocus={true}
            className="MuiInputBase-input MuiOutlinedInput-input"
            disabled={false}
            name="name"
            onAnimationStart={[Function]}
            onBlur={[Function]}
            onChange={[Function]}
            onFocus={[Function]}
            required={true}
            type="text"
            value=""
          />
          <fieldset
            aria-hidden={true}
            className="PrivateNotchedOutline-root-9 MuiOutlinedInput-notchedOutline"
          >
            <legend
              className="PrivateNotchedOutline-legendLabelled-11"
            >
              <span>
                あなたの名前
                 *
              </span>
            </legend>
          </fieldset>
        </div>
      </div>
      <button
        className="MuiButtonBase-root MuiButton-root MuiButton-contained makeStyles-submit-3 MuiButton-containedPrimary Mui-disabled MuiButton-fullWidth Mui-disabled"
        disabled={true}
        onBlur={[Function]}
        onClick={[Function]}
        onDragLeave={[Function]}
        onFocus={[Function]}
        onKeyDown={[Function]}
        onKeyUp={[Function]}
        onMouseDown={[Function]}
        onMouseLeave={[Function]}
        onMouseUp={[Function]}
        onTouchEnd={[Function]}
        onTouchMove={[Function]}
        onTouchStart={[Function]}
        tabIndex={-1}
        type="submit"
      >
        <span
          className="MuiButton-label"
        >
          決定
        </span>
      </button>
    </form>
  </div>
</main>
`;
