// Jest Snapshot v1, https://goo.gl/fbAQLP

exports[`SelectRoom Match Snapshot 1`] = `
<main
  className="MuiContainer-root MuiContainer-maxWidthLg"
>
  <nav
    aria-label="breadcrumb"
    className="MuiTypography-root MuiBreadcrumbs-root makeStyles-breadcrumbs-4 MuiTypography-body1 MuiTypography-colorTextSecondary"
  >
    <ol
      className="MuiBreadcrumbs-ol"
    >
      <li
        className="MuiBreadcrumbs-li"
      >
        <a
          href="/"
          onClick={[Function]}
          onMouseEnter={[Function]}
          onTouchStart={[Function]}
        >
          TOP
        </a>
      </li>
      <li
        aria-hidden={true}
        className="MuiBreadcrumbs-separator"
      >
        /
      </li>
      <li
        className="MuiBreadcrumbs-li"
      >
        <span
          className="MuiTypography-root MuiTypography-body1"
        >
          部屋の選択
        </span>
      </li>
    </ol>
  </nav>
  <div
    className="MuiBox-root MuiBox-root-7 makeStyles-box-5"
  >
    <div
      className="MuiTypography-root makeStyles-title-6 MuiTypography-body1 MuiTypography-colorPrimary"
    >
      部屋の選択
    </div>
    <div
      className="MuiGrid-root MuiGrid-container"
      style={
        Object {
          "padding": "20px",
        }
      }
    >
      <div
        className="MuiGrid-root MuiGrid-item MuiGrid-grid-xs-12"
        style={
          Object {
            "marginBottom": "20px",
          }
        }
      >
        <div
          className="MuiGrid-root MuiGrid-container MuiGrid-justify-content-xs-space-between"
        >
          <div
            className="MuiGrid-root MuiGrid-item"
          />
          <div
            className="MuiGrid-root MuiGrid-item"
          >
            <button
              className="MuiButtonBase-root MuiButton-root MuiButton-contained MuiButton-containedPrimary"
              disabled={false}
              onBlur={[Function]}
              onClick={[Function]}
              onDragLeave={[Function]}
              onFocus={[Function]}
              onKeyDown={[Function]}
              onKeyUp={[Function]}
              onMouseDown={[Function]}
              onMouseLeave={[Function]}
              onMouseUp={[Function]}
              onTouchEnd={[Function]}
              onTouchMove={[Function]}
              onTouchStart={[Function]}
              tabIndex={0}
              type="button"
            >
              <span
                className="MuiButton-label"
              >
                <span
                  className="MuiButton-startIcon MuiButton-iconSizeMedium"
                >
                  <svg
                    aria-hidden={true}
                    className="MuiSvgIcon-root"
                    focusable="false"
                    viewBox="0 0 24 24"
                  >
                    <path
                      d="M12 2C6.48 2 2 6.48 2 12s4.48 10 10 10 10-4.48 10-10S17.52 2 12 2zm5 11h-4v4h-2v-4H7v-2h4V7h2v4h4v2z"
                    />
                  </svg>
                </span>
                新規登録
              </span>
            </button>
          </div>
        </div>
      </div>
      <div
        className="MuiGrid-root MuiGrid-item MuiGrid-grid-xs-12"
      >
        <div
          className="MuiPaper-root MuiTableContainer-root MuiPaper-elevation1 MuiPaper-rounded"
          style={
            Object {
              "marginBottom": 30,
            }
          }
        >
          <table
            className="MuiTable-root"
            role={null}
          >
            <thead
              className="MuiTableHead-root"
              role={null}
            >
              <tr
                className="MuiTableRow-root MuiTableRow-head"
                role={null}
                style={
                  Object {
                    "backgroundColor": "#F2F2F2",
                  }
                }
              >
                <th
                  aria-sort={null}
                  className="MuiTableCell-root MuiTableCell-head MuiTableCell-alignCenter"
                  scope="col"
                >
                  名称
                </th>
                <th
                  aria-sort={null}
                  className="MuiTableCell-root MuiTableCell-head MuiTableCell-alignCenter"
                  scope="col"
                >
                  説明
                </th>
                <th
                  aria-sort={null}
                  className="MuiTableCell-root MuiTableCell-head MuiTableCell-alignCenter"
                  scope="col"
                >
                  作成日
                </th>
                <th
                  aria-sort={null}
                  className="MuiTableCell-root MuiTableCell-head MuiTableCell-alignCenter"
                  scope="col"
                />
              </tr>
            </thead>
            <tbody
              className="MuiTableBody-root"
              role={null}
            />
          </table>
        </div>
        <div
          className="MuiGrid-root MuiGrid-item MuiGrid-grid-xs-12"
        >
          <nav
            aria-label="pagination navigation"
            className="MuiPagination-root"
          >
            <ul
              className="MuiPagination-ul"
            >
              <li>
                <button
                  aria-label="Go to previous page"
                  className="MuiButtonBase-root MuiPaginationItem-root MuiPaginationItem-page MuiPaginationItem-outlined MuiPaginationItem-outlinedPrimary Mui-disabled MuiPaginationItem-sizeSmall Mui-disabled"
                  disabled={true}
                  onBlur={[Function]}
                  onClick={[Function]}
                  onDragLeave={[Function]}
                  onFocus={[Function]}
                  onKeyDown={[Function]}
                  onKeyUp={[Function]}
                  onMouseDown={[Function]}
                  onMouseLeave={[Function]}
                  onMouseUp={[Function]}
                  onTouchEnd={[Function]}
                  onTouchMove={[Function]}
                  onTouchStart={[Function]}
                  tabIndex={-1}
                  type="button"
                >
                  <svg
                    aria-hidden={true}
                    className="MuiSvgIcon-root MuiPaginationItem-icon"
                    focusable="false"
                    viewBox="0 0 24 24"
                  >
                    <path
                      d="M15.41 7.41L14 6l-6 6 6 6 1.41-1.41L10.83 12z"
                    />
                  </svg>
                </button>
              </li>
              <li>
                <button
                  aria-current="true"
                  aria-label="page 1"
                  className="MuiButtonBase-root MuiPaginationItem-root MuiPaginationItem-page MuiPaginationItem-outlined MuiPaginationItem-outlinedPrimary Mui-selected MuiPaginationItem-sizeSmall"
                  disabled={false}
                  onBlur={[Function]}
                  onClick={[Function]}
                  onDragLeave={[Function]}
                  onFocus={[Function]}
                  onKeyDown={[Function]}
                  onKeyUp={[Function]}
                  onMouseDown={[Function]}
                  onMouseLeave={[Function]}
                  onMouseUp={[Function]}
                  onTouchEnd={[Function]}
                  onTouchMove={[Function]}
                  onTouchStart={[Function]}
                  tabIndex={0}
                  type="button"
                >
                  1
                </button>
              </li>
              <li>
                <button
                  aria-label="Go to next page"
                  className="MuiButtonBase-root MuiPaginationItem-root MuiPaginationItem-page MuiPaginationItem-outlined MuiPaginationItem-outlinedPrimary Mui-disabled MuiPaginationItem-sizeSmall Mui-disabled"
                  disabled={true}
                  onBlur={[Function]}
                  onClick={[Function]}
                  onDragLeave={[Function]}
                  onFocus={[Function]}
                  onKeyDown={[Function]}
                  onKeyUp={[Function]}
                  onMouseDown={[Function]}
                  onMouseLeave={[Function]}
                  onMouseUp={[Function]}
                  onTouchEnd={[Function]}
                  onTouchMove={[Function]}
                  onTouchStart={[Function]}
                  tabIndex={-1}
                  type="button"
                >
                  <svg
                    aria-hidden={true}
                    className="MuiSvgIcon-root MuiPaginationItem-icon"
                    focusable="false"
                    viewBox="0 0 24 24"
                  >
                    <path
                      d="M10 6L8.59 7.41 13.17 12l-4.58 4.59L10 18l6-6z"
                    />
                  </svg>
                </button>
              </li>
            </ul>
          </nav>
        </div>
      </div>
    </div>
  </div>
</main>
`;
