// Jest Snapshot v1, https://goo.gl/fbAQLP

exports[`Circles Match Snapshot 1`] = `
<ul
  className="makeStyles-circles-1"
>
  <li
    className="makeStyles-circlesLi-2"
    style={
      Object {
        "animationDelay": "0s",
        "height": "80px",
        "left": "25%",
        "width": "80px",
      }
    }
  />
  <li
    className="makeStyles-circlesLi-2"
    style={
      Object {
        "animationDelay": "2s",
        "animationDuration": "12s",
        "height": "20px",
        "left": "10%",
        "width": "20px",
      }
    }
  />
  <li
    className="makeStyles-circlesLi-2"
    style={
      Object {
        "animationDelay": "4s",
        "height": "20px",
        "left": "70%",
        "width": "20px",
      }
    }
  />
  <li
    className="makeStyles-circlesLi-2"
    style={
      Object {
        "animationDelay": "0s",
        "animationDuration": "18s",
        "height": "60px",
        "left": "40%",
        "width": "60px",
      }
    }
  />
  <li
    className="makeStyles-circlesLi-2"
    style={
      Object {
        "animationDelay": "0s",
        "height": "20px",
        "left": "65%",
        "width": "20px",
      }
    }
  />
  <li
    className="makeStyles-circlesLi-2"
    style={
      Object {
        "animationDelay": "3s",
        "height": "110px",
        "left": "75%",
        "width": "110px",
      }
    }
  />
  <li
    className="makeStyles-circlesLi-2"
    style={
      Object {
        "animationDelay": "7s",
        "height": "150px",
        "left": "35%",
        "width": "150px",
      }
    }
  />
  <li
    className="makeStyles-circlesLi-2"
    style={
      Object {
        "animationDelay": "15s",
        "animationDuration": "45s",
        "height": "25px",
        "left": "50%",
        "width": "25px",
      }
    }
  />
  <li
    className="makeStyles-circlesLi-2"
    style={
      Object {
        "animationDelay": "2s",
        "animationDuration": "35s",
        "height": "15px",
        "left": "20%",
        "width": "15px",
      }
    }
  />
  <li
    className="makeStyles-circlesLi-2"
    style={
      Object {
        "animationDelay": "0s",
        "animationDuration": "11s",
        "height": "150px",
        "left": "85%",
        "width": "150px",
      }
    }
  />
</ul>
`;
