// Jest Snapshot v1, https://goo.gl/fbAQLP

exports[`ChanelList Match Snapshot 1`] = `
<div
  className="css-l9oj8i"
>
  <div
    className="tag active"
    onClick={[Function]}
  >
    <div
      className="head"
    >
      <img
        alt=""
        src="images/friends/Alpha_Team.png"
      />
    </div>
    <div
      className="text"
    >
      <div
        className="name"
      >
        すべて
      </div>
      <div
        className="dec"
      >
        ルーム内のすべてのメンバー
      </div>
    </div>
  </div>
  <div
    className="tag "
    onClick={[Function]}
  >
    <div
      className="head"
    >
      <img
        alt=""
        src="images/friends/BigBoss.png"
      />
    </div>
    <div
      className="text"
    >
      <div
        className="name"
      >
        自分
      </div>
      <div
        className="dec"
      >
        BigBoss
      </div>
    </div>
  </div>
</div>
`;
